// Jest Snapshot v1, https://goo.gl/fbAQLP

exports[`FileReader Calculate hash of the files 1`] = `
Array [
  Object {
    "chunks": Array [
      Object {
        "data": Array [
          222,
          157,
          82,
          51,
          219,
          183,
          76,
          175,
          14,
          58,
          67,
          242,
          28,
          140,
          215,
          20,
          11,
          17,
          127,
          28,
          36,
          151,
          245,
          91,
          203,
          29,
          146,
          98,
          40,
          55,
          34,
          192,
        ],
        "type": "Buffer",
      },
    ],
    "path": Object {
      "data": Array [
        47,
        102,
        105,
        108,
        101,
        45,
        114,
        101,
        97,
        100,
        101,
        114,
        46,
        115,
        101,
        114,
        118,
        105,
        99,
        101,
        46,
        116,
        115,
      ],
      "type": "Buffer",
    },
    "sha256": Object {
      "data": Array [
        222,
        157,
        82,
        51,
        219,
        183,
        76,
        175,
        14,
        58,
        67,
        242,
        28,
        140,
        215,
        20,
        11,
        17,
        127,
        28,
        36,
        151,
        245,
        91,
        203,
        29,
        146,
        98,
        40,
        55,
        34,
        192,
      ],
      "type": "Buffer",
    },
    "stats": Object {
      "lastModified": Long {
        "high": 0,
        "low": 122,
        "unsigned": false,
      },
      "mode": Long {
        "high": 0,
        "low": 32768,
        "unsigned": false,
      },
      "size": Long {
        "high": 0,
        "low": 123,
        "unsigned": false,
      },
    },
  },
]
`;
